// Jest Snapshot v1, https://goo.gl/fbAQLP

exports[`App renders app 1`] = `
<Provider
  store={
    Object {
      "dispatch": [Function],
      "getState": [Function],
      "replaceReducer": [Function],
      "subscribe": [Function],
      Symbol(observable): [Function],
    }
  }
>
  <div
    className="jsx-825914725 jsx-825914725"
  >
    <Connect(DragDropContext(NotebookApp))
      displayOrder={
        Array [
          "application/vnd.vega.v2+json",
          "application/vnd.vegalite.v1+json",
          "application/geo+json",
          "application/vnd.plotly.v1+json",
          "text/vnd.plotly.v1+html",
          "application/x-nteract-model-debug+json",
          "application/vnd.dataresource+json",
          "application/vdom.v1+json",
          "application/json",
          "application/javascript",
          "text/html",
          "text/markdown",
          "text/latex",
          "image/svg+xml",
          "image/gif",
          "image/png",
          "image/jpeg",
          "text/plain",
        ]
      }
      transforms={
        Object {
          "application/geo+json": [Function],
          "application/javascript": [Function],
          "application/json": [Function],
          "application/vdom.v1+json": [Function],
          "application/vnd.dataresource+json": [Function],
          "application/vnd.plotly.v1+json": [Function],
          "application/vnd.vega.v2+json": [Function],
          "application/vnd.vegalite.v1+json": [Function],
          "application/x-nteract-model-debug+json": [Function],
          "image/gif": [Function],
          "image/jpeg": [Function],
          "image/png": [Function],
          "image/svg+xml": [Function],
          "text/html": [Function],
          "text/latex": [Function],
          "text/markdown": [Function],
          "text/plain": [Function],
          "text/vnd.plotly.v1+html": [Function],
        }
      }
    />
    <Component
      allowHTML={false}
      noAnimation={false}
      style={Object {}}
    />
    <JSXStyle
      css="body{font-family:\\"Source Sans Pro\\";font-size:16px;line-height:22px;background-color:var(--main-bg-color);color:var(--main-fg-color);line-height:1.3 !important;}#app{padding-top:20px;}@-webkit-keyframes fadeOut{from{opacity:1;}to{opacity:0;}}@keyframes fadeOut{from{opacity:1;}to{opacity:0;}}div#loading{-webkit-animation-name:fadeOut;animation-name:fadeOut;-webkit-animation-duration:0.25s;animation-duration:0.25s;-webkit-animation-fill-mode:forwards;animation-fill-mode:forwards;}"
      styleId="825914725"
    />
  </div>
</Provider>
`;
